mocking mongoose! really? true
successful connection to db jub-dj-test
bot initialized with name jubbot
added DJ jubbot - now djSched [ 'jubbot' ]
force reload aromatt
Socket emitting force reload undefined
addUser callback
[ { name: 'jubbot', color: '#888899' },
  { name: 'aromatt', color: '#a05b43' } ]
added DJ aromatt - now djSched [ 'jubbot', 'aromatt' ]
jub stopping
db stopping
